1 : 'ICON0.PNG'
1 : 'PARAM.SFO'
1 : 'PIC1.PNG'
1 : 'SYSDIR'
1 : 'USRDIR'
0 : ''
