00000000 - 500
800201BD - 500
800201A8 - 0
ABCDE
00000000 - 4
800201BD - 500
Sema(Id=1,Size=56,Name='wait1',Attr=0,init=1,cur=0,max=1,wait=0)
800201BD - 500
00000000
800201BD
800201BD
800201BD
ABCDE
