Normal: VPL: OK (size=52,name=refer,attr=00000000,poolSize=0000FFE0,freeSize=0000FFE0,wait=0)

Sizes:
  00000000 => 00000000 (result=00000000)
  00000001 => 00000034 (result=00000000)
  00000002 => 00000034 (result=00000000)
  00000004 => 00000034 (result=00000000)
  00000008 => 00000034 (result=00000000)
  0000002C => 00000034 (result=00000000)
  00000030 => 00000034 (result=00000000)
  00000034 => 00000034 (result=00000000)
  00000038 => 00000034 (result=00000000)
  00000040 => 00000034 (result=00000000)
  00000080 => 00000034 (result=00000000)
  00000100 => 00000034 (result=00000000)
  00000400 => 00000034 (result=00000000)
  0000FF00 => 00000034 (result=00000000)
  00FF0000 => 00000034 (result=00000000)
  80000001 => 00000034 (result=00000000)
  CCCCCCCC => 00000034 (result=00000000)
  FFFFFFFF => 00000034 (result=00000000)

NULL: Failed (8002019C)
Invalid: Failed (8002019C)
Deleted: Failed (8002019C)
NULL: A1B1C2E1D1F2 (thread=800201B5, main=8002019C)
Refer other: A1B1C2E1D1F2 (thread=800201B5, main=00000000)
Refer same: A1B1C2E1D1F2 (thread=800201B5, main=00000000)
