Audio modules: Failed 00000000 00000000
sizeof(mp3Buf): 131072
sizeof(pcmBuf): 147456
 44100 Hz
 128 kbit/s
 Stereo
