sceIoGetstat: 0
Size: 472
LBN: 26
HandleNormal: Ok
memcmp_Normal: 0
HandleRaw: Ok
memcmp_Raw: 0
HandleUmd0: Ok
memcmp_Umd0: 0
