Normal: OK
NULL: Failed (800201C3)
Invalid: Failed (800201C3)
Deleted: Failed (800201C3)
Delete other: A1B1C2E1D1F2 (thread=800201B5, main=00000000)
Delete same: A1B1C2D1E2F1 (thread=800201B5, main=00000000)
NULL: A1B1C2E1D1F2 (thread=800201B5, main=800201C3)
