[x] Normal: Callback: OK (size=56,name=refer,thread=1,callback=1,common=deadbeef,notifyCount=00000000,notifyArg=0)

[x] Sizes:
[x]   00000000 => 00000000 (result=00000000)
[x]   00000001 => 00000038 (result=00000000)
[x]   00000002 => 00000038 (result=00000000)
[x]   00000004 => 00000038 (result=00000000)
[x]   00000008 => 00000038 (result=00000000)
[x]   0000002c => 00000038 (result=00000000)
[x]   00000030 => 00000038 (result=00000000)
[x]   00000034 => 00000038 (result=00000000)
[x]   00000038 => 00000038 (result=00000000)
[x]   0000003c => 00000038 (result=00000000)
[x]   00000040 => 00000038 (result=00000000)
[x]   00000044 => 00000038 (result=00000000)
[x]   00000048 => 00000038 (result=00000000)
[x]   00000080 => 00000038 (result=00000000)
[x]   00000100 => 00000038 (result=00000000)
[x]   00000400 => 00000038 (result=00000000)
[x]   0000ff00 => 00000038 (result=00000000)
[x]   00ff0000 => 00000038 (result=00000000)
[x]   80000001 => 00000038 (result=00000000)
[x]   cccccccc => 00000038 (result=00000000)
[x]   ffffffff => 00000038 (result=00000000)

[x] Objects:
[x] NULL: Failed (800201a1)
[x] Invalid: Failed (800201a1)
[x] Deleted: Failed (800201a1)
