1
0
powerHandler called: 00000001, 000000E4, 00001234
00000000
80000025
