Normal: OK (low)

Names:
  NULL name: Failed (80020001)
  Blank name: OK (low)
  Long name: OK (low)

Partitions:
  Partition -5: Failed (800200D2)
  Partition -1: Failed (800200D2)
  Partition 0: Failed (800200D2)
  Partition 1: Failed (800200D6)
  Partition 2: OK (low)
  Partition 3: Failed (800200D6)
  Partition 4: Failed (800200D6)
  Partition 5: OK (low)
  Partition 6: OK (low)
  Partition 7: Failed (800200D2)
  Partition 8: Failed (800200D6)
  Partition 9: Failed (800200D6)
  Partition 10: Failed (800200D2)

Types:
  Type -5: Failed (800200D8)
  Type -1: Failed (800200D8)
  Type 0: OK (low)
  Type 1: OK (high)
  Type 2: Failed (800200D9)
  Type 3: Failed (800200E4)
  Type 4: Failed (800200E4)
  Type 5: Failed (800200D8)
  Type 6: Failed (800200D8)
  Type 7: Failed (800200D8)
  Type 8: Failed (800200D8)
  Type 9: Failed (800200D8)
  Type 10: Failed (800200D8)

Sizes:
  Size 0xFFFFFFFF: Failed (800200D9)
  Size 0x00000000: Failed (800200D9)
  Size 0x00000001: OK (low)
  Size 0x00000010: OK (low)
  Size 0x00000020: OK (low)
  Size 0x0000002F: OK (low)
  Size 0x00000030: OK (low)
  Size 0x00000031: OK (low)
  Size 0x00000032: OK (low)
  Size 0x00000036: OK (low)
  Size 0x00000038: OK (low)
  Size 0x00000039: OK (low)
  Size 0x0000003A: OK (low)
  Size 0x00000131: OK (low)
  Size 0x00000136: OK (low)
  Size 0x00000139: OK (low)
  Size 0x00001000: OK (low)
  Size 0x00010000: OK (low)
  Size 0x00100000: OK (low)
  Size 0x01000000: OK (low)
  Size 0x10000000: Failed (800200D9)
  Size 0x01800000: OK (low)
  Size 0x02000000: Failed (800200D9)

Positions:
  Wrong type: OK (low)
  Below low: Failed (800200D9)
  At low: OK (low)
  Above low: OK (middle)
  Near high: OK (middle)
  At high: OK (high)
  Above high: Failed (800200D9)
  Second at low: Failed (800200D9)
  Second type low: OK (middle)
    Difference: 1000

Alignment:
  Align 0xFFFFFFFB low: Failed (800200E4)
  Align 0xFFFFFFFB high: Failed (800200E4)
  Align 0xFFFFFFFF low: Failed (800200E4)
  Align 0xFFFFFFFF high: Failed (800200E4)
  Align 0x00000000 low: Failed (800200E4)
  Align 0x00000000 high: Failed (800200E4)
  Align 0x00000001 low: OK (middle, difference 1000)
  Align 0x00000001 high: OK (middle, difference 1000)
  Align 0x00000002 low: OK (middle, difference 1000)
  Align 0x00000002 high: OK (middle, difference 1000)
  Align 0x00000003 low: Failed (800200E4)
  Align 0x00000003 high: Failed (800200E4)
  Align 0x00000004 low: OK (middle, difference 1000)
  Align 0x00000004 high: OK (middle, difference 1000)
  Align 0x00000007 low: Failed (800200E4)
  Align 0x00000007 high: Failed (800200E4)
  Align 0x00000008 low: OK (middle, difference 1000)
  Align 0x00000008 high: OK (middle, difference 1000)
  Align 0x00000010 low: OK (middle, difference 1000)
  Align 0x00000010 high: OK (middle, difference 1000)
  Align 0x00000011 low: Failed (800200E4)
  Align 0x00000011 high: Failed (800200E4)
  Align 0x00000020 low: OK (middle, difference 1000)
  Align 0x00000020 high: OK (middle, difference 1000)
  Align 0x0000002F low: Failed (800200E4)
  Align 0x0000002F high: Failed (800200E4)
  Align 0x00000040 low: OK (middle, difference 1000)
  Align 0x00000040 high: OK (middle, difference 1000)
  Align 0x00000060 low: Failed (800200E4)
  Align 0x00000060 high: Failed (800200E4)
  Align 0x00000080 low: OK (middle, difference 1000)
  Align 0x00000080 high: OK (middle, difference 1000)
  Align 0x00000100 low: OK (middle, difference 1000)
  Align 0x00000100 high: OK (middle, difference 1000)
  Align 0x00001000 low: OK (middle, difference 1000)
  Align 0x00001000 high: OK (middle, difference 1000)
  Align 0x00002000 low: OK (middle, difference 2000)
  Align 0x00002000 high: OK (middle, difference 2000)
  Align 0x00004000 low: OK (middle, difference 4000)
  Align 0x00004000 high: OK (middle, difference 2000)
  Align 0x01000000 low: OK (middle, difference 2d0000)
  Align 0x01000000 high: OK (middle, difference aee000)
  Align 0x04000000 low: Failed (800200D9)
  Align 0x04000000 high: Failed (800200D9)
  Align 0x40000000 low: Failed (800200D9)
  Align 0x40000000 high: Failed (800200D9)
  Align 0x80000000 low: Failed (800200D9)
  Align 0x80000000 high: Failed (800200D9)

Two with same name: OK
Minimum difference: 100
Offset difference: 200
Reschedule: no
Create 1024: OK
Get deleted: 00000000
Get NULL: 00000000
Get invalid: 00000000
Free deleted: 800200CB
Free NULL: 800200CB
Free invalid: 800200CB
