[x] Normal: Msgpipe: OK (size=56, name=refer, attr=00000000, buffer=0, free=0, sending=0, receiving=0)

[x] Sizes:
[x]   00000000 => 00000000 (result=00000000)
[x]   00000001 => 00000038 (result=00000000)
[x]   00000002 => 00000038 (result=00000000)
[x]   00000004 => 00000038 (result=00000000)
[x]   00000008 => 00000038 (result=00000000)
[x]   0000002C => 00000038 (result=00000000)
[x]   00000030 => 00000038 (result=00000000)
[x]   00000034 => 00000038 (result=00000000)
[x]   00000038 => 00000038 (result=00000000)
[x]   00000040 => 00000038 (result=00000000)
[x]   00000080 => 00000038 (result=00000000)
[x]   00000100 => 00000038 (result=00000000)
[x]   00000400 => 00000038 (result=00000000)
[x]   0000FF00 => 00000038 (result=00000000)
[x]   00FF0000 => 00000038 (result=00000000)
[x]   80000001 => 00000038 (result=00000000)
[x]   CCCCCCCC => 00000038 (result=00000000)
[x]   FFFFFFFF => 00000038 (result=00000000)

[x] Objects:
[x] NULL: Failed (8002019e)
[x] Invalid: Failed (8002019e)
[x] Deleted: Failed (8002019e)
