[x] Checking for files:
[r]   Does not exist: ms0:/PSP/SAVEDATA/TEST99901/DATA.BIN (80010002)
[r]   Does not exist: ms0:/PSP/SAVEDATA/TEST99901ABC/DATA.BIN (80010002)
[r]   Does not exist: ms0:/PSP/SAVEDATA/TEST99901F1/DATA.BIN (80010002)
[r]   Does not exist: ms0:/PSP/SAVEDATA/TEST99901M2/DATA.BIN (80010002)
[r]   Does not exist: ms0:/PSP/SAVEDATA/TEST99901L3/DATA.BIN (80010002)

[x] Init
[x] sceUtilitySavedataInitStart: 00000000
[x] sceUtilitySavedataGetStatus: 00000001 (duplicates skipped)
[x] sceUtilitySavedataGetStatus: 00000002 (duplicates skipped)
[r] sceUtilitySavedataUpdate: 00000000 (duplicates skipped)
[x] sceUtilitySavedataGetStatus: 00000003 (duplicates skipped)
[x] sceUtilitySavedataShutdownStart: 00000000
[x] sceUtilitySavedataGetStatus: 00000004 (duplicates skipped)
[r] Delayed to allow for shutdown: 00000000
[x] sceUtilitySavedataGetStatus: 00000000 (duplicates skipped)

[x] Checking for files:
[r]   Does not exist: ms0:/PSP/SAVEDATA/TEST99901/OTHER.BIN (80010002)
[r]   Does not exist: ms0:/PSP/SAVEDATA/TEST99901ABC/OTHER.BIN (80010002)
[r]   Does not exist: ms0:/PSP/SAVEDATA/TEST99901F1/OTHER.BIN (80010002)
[r]   Does not exist: ms0:/PSP/SAVEDATA/TEST99901M2/OTHER.BIN (80010002)
[r]   Does not exist: ms0:/PSP/SAVEDATA/TEST99901L3/OTHER.BIN (80010002)

[x] Init
[x] sceUtilitySavedataInitStart: 00000000
[x] sceUtilitySavedataGetStatus: 00000001 (duplicates skipped)
[x] sceUtilitySavedataGetStatus: 00000002 (duplicates skipped)
[r] sceUtilitySavedataUpdate: 00000000 (duplicates skipped)
[x] sceUtilitySavedataGetStatus: 00000003 (duplicates skipped)
[x] sceUtilitySavedataShutdownStart: 00000000
[x] sceUtilitySavedataGetStatus: 00000004 (duplicates skipped)
[r] Delayed to allow for shutdown: 00000000
[x] sceUtilitySavedataGetStatus: 00000000 (duplicates skipped)

[x] Checking for files:
[r]   Does not exist: ms0:/PSP/SAVEDATA/TEST99901/ASDASD.BIN (80010002)
[r]   Does not exist: ms0:/PSP/SAVEDATA/TEST99901A?C/ASDASD.BIN (80010016)
[r]   Does not exist: ms0:/PSP/SAVEDATA/TEST99901F1/ASDASD.BIN (80010002)
[r]   Does not exist: ms0:/PSP/SAVEDATA/TEST99901M2/ASDASD.BIN (80010002)
[r]   Does not exist: ms0:/PSP/SAVEDATA/TEST99901L3/ASDASD.BIN (80010002)

[x] Init
[x] sceUtilitySavedataInitStart: 00000000
[x] sceUtilitySavedataGetStatus: 00000001 (duplicates skipped)
[x] sceUtilitySavedataGetStatus: 00000002 (duplicates skipped)
[r] sceUtilitySavedataUpdate: 00000000 (duplicates skipped)
CHANGE: resultCount: ffffffff => 00000001
CHANGE: st_mode: 00000000 => 000011ff
CHANGE: name:  => ABC
[x] sceUtilitySavedataGetStatus: 00000003 (duplicates skipped)
[x] sceUtilitySavedataShutdownStart: 00000000
[x] sceUtilitySavedataGetStatus: 00000004 (duplicates skipped)
[r] Delayed to allow for shutdown: 00000000
[x] sceUtilitySavedataGetStatus: 00000000 (duplicates skipped)
[x] Result: 00000000
[x] ABC

[x] Checking for files:
[r]   Does not exist: ms0:/PSP/SAVEDATA/TEST99901/ASDASD.BIN (80010002)
[r]   Does not exist: ms0:/PSP/SAVEDATA/TEST99901A?C/ASDASD.BIN (80010016)
[r]   Does not exist: ms0:/PSP/SAVEDATA/TEST99901F1/ASDASD.BIN (80010002)
[r]   Does not exist: ms0:/PSP/SAVEDATA/TEST99901M2/ASDASD.BIN (80010002)
[r]   Does not exist: ms0:/PSP/SAVEDATA/TEST99901L3/ASDASD.BIN (80010002)
[r] sceIoRemove: 00000000
[r] sceIoRemove: 00000000
[r] sceIoRemove: 00000000
[r] sceIoRmdir: 00000000
[r] sceIoRemove: 80010002
[r] sceIoRemove: 80010002
[r] sceIoRemove: 80010002
[r] sceIoRmdir: 80010002
[r] sceIoRemove: 80010002
[r] sceIoRemove: 80010002
[r] sceIoRemove: 80010002
[r] sceIoRmdir: 80010002
