00000000
800201AD
800201BD
800201BD
800201BD
80020199
80020199
ABCDE
