Normal: OK
NULL: Failed (8002019A)
Invalid: Failed (8002019A)
Deleted: Failed (8002019A)
Delete other: A1B1C2E1D1F2 (thread=800201B5, thread bits=00000000, main=00000000)
Delete same: A1B1C2D1E2F1 (thread=800201B5, thread bits=00000000, main=00000000)
NULL: A1B1C2E1D1F2 (thread=800201B5, thread bits=00000000, main=8002019A)
