Normal: OK

Sizes:
  00000000 => 00000000 (result=00000000)
  00000001 => 00000034 (result=00000000)
  00000002 => 00000034 (result=00000000)
  00000004 => 00000034 (result=00000000)
  00000008 => 00000034 (result=00000000)
  0000002C => 00000034 (result=00000000)
  00000030 => 00000034 (result=00000000)
  00000034 => 00000034 (result=00000000)
  00000038 => 00000034 (result=00000000)
  00000040 => 00000034 (result=00000000)
  00000080 => 00000034 (result=00000000)
  00000100 => 00000034 (result=00000000)
  00000400 => 00000034 (result=00000000)
  0000FF00 => 00000034 (result=00000000)
  00FF0000 => 00000034 (result=00000000)
  80000001 => 00000034 (result=00000000)
  CCCCCCCC => 00000034 (result=00000000)
  FFFFFFFF => 00000034 (result=00000000)

NULL: Failed (8002019A)
Invalid: Failed (8002019A)
Deleted: Failed (8002019A)
NULL: A1B1C2E1D1F2 (thread=800201B5, thread bits=00000000, main=8002019A)
Refer other: A1B1C2E1D1F2 (thread=800201B5, thread bits=00000000, main=00000000)
Refer same: A1B1C2E1D1F2 (thread=800201B5, thread bits=00000000, main=00000000)
