Normal: Mutex: OK (size=56,name=refer,attr=00000000,init=0,current=0,lockThread=0,waiting=00000000)

Sizes:
  00000000 => 00000000 (result=00000000)
  00000001 => 00000038 (result=00000000)
  00000002 => 00000038 (result=00000000)
  00000004 => 00000038 (result=00000000)
  00000008 => 00000038 (result=00000000)
  0000002C => 00000038 (result=00000000)
  00000030 => 00000038 (result=00000000)
  00000034 => 00000038 (result=00000000)
  00000038 => 00000038 (result=00000000)
  00000040 => 00000038 (result=00000000)
  00000080 => 00000038 (result=00000000)
  00000100 => 00000038 (result=00000000)
  00000400 => 00000038 (result=00000000)
  0000FF00 => 00000038 (result=00000000)
  00FF0000 => 00000038 (result=00000000)
  80000001 => 00000038 (result=00000000)
  CCCCCCCC => 00000038 (result=00000000)
  FFFFFFFF => 00000038 (result=00000000)

NULL: Failed (800201C3)
Invalid: Failed (800201C3)
Deleted: Failed (800201C3)
NULL: A1B1C2E1D1F2 (thread=800201B5, main=800201C3)
Refer other: A1B1C2E1D1F2 (thread=800201B5, main=00000000)
Refer same: A1B1C2E1D1F2 (thread=800201B5, main=00000000)
