[x] Names:
[x]   NULL name: Failed (80020001)
[x]   Blank name: OK LwMutex: OK (size=64,name=,attr=00000000,uid=1,workarea=1,init=0,current=0,lockThread=0)
LwMutexWorkarea (count=0, thread=00000000, attr=000, waiting=0, uid=1, 00000000, 00000000, 00000000)
[x]   Long name: OK LwMutex: OK (size=64,name=1234567890123456789012345678901,attr=00000000,uid=1,workarea=1,init=0,current=0,lockThread=0)
LwMutexWorkarea (count=0, thread=00000000, attr=000, waiting=0, uid=1, 00000000, 00000000, 00000000)
[x]   Two with same name: OK


[x] Attributes:
[x]   1: OK LwMutex: OK (size=64,name=create,attr=00000001,uid=1,workarea=1,init=0,current=0,lockThread=0)
LwMutexWorkarea (count=0, thread=00000000, attr=001, waiting=0, uid=1, 00000000, 00000000, 00000000)
[x]   100: OK LwMutex: OK (size=64,name=create,attr=00000100,uid=1,workarea=1,init=0,current=0,lockThread=0)
LwMutexWorkarea (count=0, thread=00000000, attr=100, waiting=0, uid=1, 00000000, 00000000, 00000000)
[x]   200: OK LwMutex: OK (size=64,name=create,attr=00000200,uid=1,workarea=1,init=0,current=0,lockThread=0)
LwMutexWorkarea (count=0, thread=00000000, attr=200, waiting=0, uid=1, 00000000, 00000000, 00000000)
[x]   300: OK LwMutex: OK (size=64,name=create,attr=00000300,uid=1,workarea=1,init=0,current=0,lockThread=0)
LwMutexWorkarea (count=0, thread=00000000, attr=300, waiting=0, uid=1, 00000000, 00000000, 00000000)
[x]   3ff: OK LwMutex: OK (size=64,name=create,attr=000003ff,uid=1,workarea=1,init=0,current=0,lockThread=0)
LwMutexWorkarea (count=0, thread=00000000, attr=3FF, waiting=0, uid=1, 00000000, 00000000, 00000000)
[x]   400: Failed (80020191)
[x]   800: Failed (80020191)
[x]   b00: Failed (80020191)
[x]   1000: Failed (80020191)
[x]   2000: Failed (80020191)
[x]   4000: Failed (80020191)
[x]   8000: Failed (80020191)
[x]   10000: Failed (80020191)

[x] Counts:
[x]   Positive count: OK LwMutex: OK (size=64,name=create,attr=00000000,uid=1,workarea=1,init=1,current=1,lockThread=1)
LwMutexWorkarea (count=1, thread=00000001, attr=000, waiting=0, uid=1, 00000000, 00000000, 00000000)
[x]   Negative count: Failed (800201BD)
[x]   Count = -5: Failed (800201BD)
[x]   Count = 2: Failed (800201BD)
[x]   Negative count (recursive): Failed (800201BD)
[x]   Count = -5 (recursive): Failed (800201BD)
[x]   Count = 2 (recursive): OK LwMutex: OK (size=64,name=create,attr=00000200,uid=1,workarea=1,init=2,current=2,lockThread=1)
LwMutexWorkarea (count=2, thread=00000001, attr=200, waiting=0, uid=1, 00000000, 00000000, 00000000)
[x]   Medium count (recursive): OK LwMutex: OK (size=64,name=create,attr=00000200,uid=1,workarea=1,init=255,current=255,lockThread=1)
LwMutexWorkarea (count=255, thread=00000001, attr=200, waiting=0, uid=1, 00000000, 00000000, 00000000)
[x]   Large count (recursive): OK LwMutex: OK (size=64,name=create,attr=00000200,uid=1,workarea=1,init=65537,current=65537,lockThread=1)
LwMutexWorkarea (count=65537, thread=00000001, attr=200, waiting=0, uid=1, 00000000, 00000000, 00000000)

[x] Option sizes:
[x]   -1: OK LwMutex: OK (size=64,name=create,attr=00000000,uid=1,workarea=1,init=1,current=1,lockThread=1)
LwMutexWorkarea (count=1, thread=00000001, attr=000, waiting=0, uid=1, 00000000, 00000000, 00000000)
[x]   0: OK LwMutex: OK (size=64,name=create,attr=00000000,uid=1,workarea=1,init=1,current=1,lockThread=1)
LwMutexWorkarea (count=1, thread=00000001, attr=000, waiting=0, uid=1, 00000000, 00000000, 00000000)
[x]   1: OK LwMutex: OK (size=64,name=create,attr=00000000,uid=1,workarea=1,init=1,current=1,lockThread=1)
LwMutexWorkarea (count=1, thread=00000001, attr=000, waiting=0, uid=1, 00000000, 00000000, 00000000)
[x]   4: OK LwMutex: OK (size=64,name=create,attr=00000000,uid=1,workarea=1,init=1,current=1,lockThread=1)
LwMutexWorkarea (count=1, thread=00000001, attr=000, waiting=0, uid=1, 00000000, 00000000, 00000000)
[x]   8: OK LwMutex: OK (size=64,name=create,attr=00000000,uid=1,workarea=1,init=1,current=1,lockThread=1)
LwMutexWorkarea (count=1, thread=00000001, attr=000, waiting=0, uid=1, 00000000, 00000000, 00000000)
[x]   16: OK LwMutex: OK (size=64,name=create,attr=00000000,uid=1,workarea=1,init=1,current=1,lockThread=1)
LwMutexWorkarea (count=1, thread=00000001, attr=000, waiting=0, uid=1, 00000000, 00000000, 00000000)
[x]   32: OK LwMutex: OK (size=64,name=create,attr=00000000,uid=1,workarea=1,init=1,current=1,lockThread=1)
LwMutexWorkarea (count=1, thread=00000001, attr=000, waiting=0, uid=1, 00000000, 00000000, 00000000)
[x]   64: OK LwMutex: OK (size=64,name=create,attr=00000000,uid=1,workarea=1,init=1,current=1,lockThread=1)
LwMutexWorkarea (count=1, thread=00000001, attr=000, waiting=0, uid=1, 00000000, 00000000, 00000000)
[x]   256: OK LwMutex: OK (size=64,name=create,attr=00000000,uid=1,workarea=1,init=1,current=1,lockThread=1)
LwMutexWorkarea (count=1, thread=00000001, attr=000, waiting=0, uid=1, 00000000, 00000000, 00000000)
[x]   2147483647: OK LwMutex: OK (size=64,name=create,attr=00000000,uid=1,workarea=1,init=1,current=1,lockThread=1)
LwMutexWorkarea (count=1, thread=00000001, attr=000, waiting=0, uid=1, 00000000, 00000000, 00000000)

[x] Scheduling:
[x] Two with same workarea: OK LwMutex: OK (size=64,name=create2,attr=00000000,uid=1,workarea=1,init=0,current=0,lockThread=0)
LwMutexWorkarea (count=0, thread=00000000, attr=000, waiting=0, uid=1, 00000000, 00000000, 00000000)
NULL name: A1B1C2E1D1F2 (thread=800201B5, main=80020001)
Negative count: A1B1C2E1D1F2 (thread=800201B5, main=800201BD)
Create locked: A1B1C2E1D1F2 (thread=800201B5, main=00000000)
Create not locked: A1B1C2E1D1F2 (thread=800201B5, main=00000000)
Initial not locked: A1B1D2C2E1F1 (thread=00000000, main=00000000)
Initial locked: A1B1C2E2D1F2 (thread=800201B5, main=00000000)
Create 1024: OK
