sceKernelReferLwMutexStatus:
Normal: LwMutex: OK (size=64,name=refer,attr=00000000,uid=1,workarea=1,init=0,current=0,lockThread=0)
LwMutexWorkarea (count=0, thread=00000000, attr=000, waiting=0, uid=1, 00000000, 00000000, 00000000)

Sizes:
  00000000 => 00000000 (result=00000000)
  00000001 => 00000040 (result=00000000)
  00000002 => 00000040 (result=00000000)
  00000004 => 00000040 (result=00000000)
  00000008 => 00000040 (result=00000000)
  0000002C => 00000040 (result=00000000)
  00000030 => 00000040 (result=00000000)
  00000034 => 00000040 (result=00000000)
  00000038 => 00000040 (result=00000000)
  00000040 => 00000040 (result=00000000)
  00000080 => 00000040 (result=00000000)
  00000100 => 00000040 (result=00000000)
  00000400 => 00000040 (result=00000000)
  0000FF00 => 00000040 (result=00000000)
  00FF0000 => 00000040 (result=00000000)
  80000001 => 00000040 (result=00000000)
  CCCCCCCC => 00000040 (result=00000000)
  FFFFFFFF => 00000040 (result=00000000)

Deleted: Failed (800201CA)
Refer other: A1B1C2E1D1F2 (thread=800201B5, main=00000000)
Refer same: A1B1C2E1D1F2 (thread=800201B5, main=00000000)

sceKernelReferLwMutexStatusByID:
Normal: LwMutex: OK (size=64,name=refer,attr=00000000,uid=1,workarea=1,init=0,current=0,lockThread=0)
LwMutexWorkarea (count=0, thread=00000000, attr=000, waiting=0, uid=1, 00000000, 00000000, 00000000)

Sizes:
  00000000 => 00000000 (result=00000000)
  00000001 => 00000040 (result=00000000)
  00000002 => 00000040 (result=00000000)
  00000004 => 00000040 (result=00000000)
  00000008 => 00000040 (result=00000000)
  0000002C => 00000040 (result=00000000)
  00000030 => 00000040 (result=00000000)
  00000034 => 00000040 (result=00000000)
  00000038 => 00000040 (result=00000000)
  00000040 => 00000040 (result=00000000)
  00000080 => 00000040 (result=00000000)
  00000100 => 00000040 (result=00000000)
  00000400 => 00000040 (result=00000000)
  0000FF00 => 00000040 (result=00000000)
  00FF0000 => 00000040 (result=00000000)
  80000001 => 00000040 (result=00000000)
  CCCCCCCC => 00000040 (result=00000000)
  FFFFFFFF => 00000040 (result=00000000)

NULL: Failed (800201CA)
Invalid: Failed (800201CA)
Deleted: Failed (800201CA)
Refer other: A1B1C2E1D1F2 (thread=800201B5, main=00000000)
Refer same: A1B1C2E1D1F2 (thread=800201B5, main=00000000)
