Lock 0 => 0: Failed (800201C4)
LwMutex: OK (size=64,name=lock,attr=00000000,uid=1,workarea=1,init=0,current=0,lockThread=0)
LwMutexWorkarea (count=0, thread=00000000, attr=000, waiting=0, uid=1, 00000000, 00000000, 00000000)
Lock 0 => 0 (fake): Failed (800201C4)
LwMutex: Invalid (800201CA)
Lock 0 => 1: OK
LwMutex: OK (size=64,name=lock,attr=00000000,uid=1,workarea=1,init=0,current=1,lockThread=1)
LwMutexWorkarea (count=1, thread=00000001, attr=000, waiting=0, uid=1, 00000000, 00000000, 00000000)
Lock 0 => 1 (fake): OK
LwMutex: Invalid (800201CA)
Lock 0 => 2: Failed (800201C4)
LwMutex: OK (size=64,name=lock,attr=00000000,uid=1,workarea=1,init=0,current=0,lockThread=0)
LwMutexWorkarea (count=0, thread=00000000, attr=000, waiting=0, uid=1, 00000000, 00000000, 00000000)
Lock 0 => 2 (fake): Failed (800201C4)
LwMutex: Invalid (800201CA)
Lock 0 => -1: Failed (800201C4)
LwMutex: OK (size=64,name=lock,attr=00000000,uid=1,workarea=1,init=0,current=0,lockThread=0)
LwMutexWorkarea (count=0, thread=00000000, attr=000, waiting=0, uid=1, 00000000, 00000000, 00000000)
Lock 0 => -1 (fake): Failed (800201C4)
LwMutex: Invalid (800201CA)
Lock 1 => 1: Failed (800201C4)
LwMutex: OK (size=64,name=lock,attr=00000000,uid=1,workarea=1,init=1,current=1,lockThread=1)
LwMutexWorkarea (count=1, thread=00000001, attr=000, waiting=0, uid=1, 00000000, 00000000, 00000000)
Lock 1 => 1 (fake): Failed (800201C4)
LwMutex: Invalid (800201CA)
Lock 0 => 2 (recursive): OK
LwMutex: OK (size=64,name=lock,attr=00000200,uid=1,workarea=1,init=0,current=2,lockThread=1)
LwMutexWorkarea (count=2, thread=00000001, attr=200, waiting=0, uid=1, 00000000, 00000000, 00000000)
Lock 0 => 2 (recursive) (fake): OK
LwMutex: Invalid (800201CA)
Lock 0 => -1 (recursive): Failed (800201C4)
LwMutex: OK (size=64,name=lock,attr=00000200,uid=1,workarea=1,init=0,current=0,lockThread=0)
LwMutexWorkarea (count=0, thread=00000000, attr=200, waiting=0, uid=1, 00000000, 00000000, 00000000)
Lock 0 => -1 (recursive) (fake): Failed (800201C4)
LwMutex: Invalid (800201CA)
Lock 1 => 1 (recursive): OK
LwMutex: OK (size=64,name=lock,attr=00000200,uid=1,workarea=1,init=1,current=2,lockThread=1)
LwMutexWorkarea (count=2, thread=00000001, attr=200, waiting=0, uid=1, 00000000, 00000000, 00000000)
Lock 1 => 1 (recursive) (fake): OK
LwMutex: Invalid (800201CA)
Lock 1 => INT_MAX - 1 (recursive): OK
LwMutex: OK (size=64,name=lock,attr=00000200,uid=1,workarea=1,init=1,current=2147483647,lockThread=1)
LwMutexWorkarea (count=2147483647, thread=00000001, attr=200, waiting=0, uid=1, 00000000, 00000000, 00000000)
Lock 1 => INT_MAX - 1 (recursive) (fake): OK
LwMutex: Invalid (800201CA)
Lock 1 => INT_MAX (recursive): Failed (800201C4)
LwMutex: OK (size=64,name=lock,attr=00000200,uid=1,workarea=1,init=1,current=1,lockThread=1)
LwMutexWorkarea (count=1, thread=00000001, attr=200, waiting=0, uid=1, 00000000, 00000000, 00000000)
Lock 1 => INT_MAX (recursive) (fake): Failed (800201C4)
LwMutex: Invalid (800201CA)
Lock INT_MAX => INT_MAX (recursive): Failed (800201C4)
LwMutex: OK (size=64,name=lock,attr=00000200,uid=1,workarea=1,init=2147483647,current=2147483647,lockThread=1)
LwMutexWorkarea (count=2147483647, thread=00000001, attr=200, waiting=0, uid=1, 00000000, 00000000, 00000000)
Lock INT_MAX => INT_MAX (recursive) (fake): Failed (800201C4)
LwMutex: Invalid (800201CA)
Locked 1 => 1: L2 L1 Failed (thread=800201A8, main=800201C4)
Locked 1 => 1 (fake): L1 L2 Failed (thread=800201CA, main=800201C4)
Locked 0 => 1: L1 L2 Failed (thread=00000000, main=800201C4)
Locked 0 => 1 (fake): L1 L2 Failed (thread=00000000, main=800201C4)
Locked 1 => 1 (recursive): L2 L1 OK (thread=800201A8)
Locked 1 => 1 (recursive) (fake): L1 L2 OK (thread=800201CA)
Locked 0 => 1 (recursive): L1 L2 Failed (thread=00000000, main=800201C4)
Locked 0 => 1 (recursive) (fake): L1 L2 Failed (thread=00000000, main=800201C4)
After delete: 800201C4
Deleted => 1: Failed (800201C4)
Zero: A1B1C2E1D1F2 (thread=800201B5, main=800201C4)
Lock same: A1B1C2E1D1F2 (thread=800201B5, main=800201C4)
Lock other: A1B1C2E1D1F2 (thread=800201B5, main=00000000)
