Unlock 0 => 0: Failed (800201BD)
Unlock 0 => 1: Failed (800201C5)
Unlock 0 => 2: Failed (800201BD)
Unlock 0 => -1: Failed (800201BD)
Unlock 1 => 1: OK
Unlock 1 => 2: Failed (800201BD)
Unlock 2 => 1: Failed (800201C3)
Unlock 0 => 2 (recursive): Failed (800201C5)
Unlock 0 => -1 (recursive): Failed (800201BD)
Unlock 1 => 1 (recursive): OK
Unlock 1 => 2 (recursive): Failed (800201C7)
Locked 1 => 1: L1 L2 OK
Locked 0 => 1: L1 L2 Failed (800201C5)
Locked 1 => 1 (recursive): L1 L2 OK
Locked 2 => 1 (recursive): L2 L1 OK
Locked 1 => 2 (recursive): L2 L1 Failed (800201C7)
Locked 2 => 2 (recursive): L1 L2 OK
Locked 0 => 1 (recursive): L1 L2 Failed (800201C5)
After delete: 800201C3
NULL => 0: Failed (800201C3)
NULL => 1: Failed (800201C3)
Invalid => 1: Failed (800201C3)
Deleted => 1: Failed (800201C3)
NULL: A1B1C2E2D2F2 (thread=800201B5, main=800201C3)
Zero: A1B1C2E2D2F2 (thread=800201B5, main=800201BD)
Unlock same: A1B1C2D2E2F1 (thread=00000000, main=00000000)
Unlock other: A1B1C2E2D2F2 (thread=800201B5, main=800201C5)
